[10560:6428:0507/155732.557:WARNING:chrome_main_delegate.cc(745)] This is Chrome version 128.0.6613.138 (not a warning)
[10560:6428:0507/155733.168:WARNING:account_consistency_mode_manager.cc(77)] Desktop Identity Consistency cannot be enabled as no OAuth client ID and client secret have been configured.
[12624:13412:0507/155808.325:WARNING:frame_impl.cc(430)] virtual CefFrameImpl::SendProcessMessage sent to detached frame 5-C06B7452EC70B32EA02D5D256877B106 will be ignored
[10560:17076:0507/155810.419:ERROR:cast_crl.cc(443)] CRL - Verification failed.
[10560:6428:0507/155811.979:WARNING:page_discarding_helper.cc(138)] Discarding multiple pages with target (kb): 0
[10560:6428:0507/155816.308:WARNING:page_discarding_helper.cc(138)] Discarding multiple pages with target (kb): 0
[10560:6428:0507/155821.309:WARNING:page_discarding_helper.cc(138)] Discarding multiple pages with target (kb): 0
[10560:6428:0507/155826.309:WARNING:page_discarding_helper.cc(138)] Discarding multiple pages with target (kb): 0
[10560:6428:0507/155831.310:WARNING:page_discarding_helper.cc(138)] Discarding multiple pages with target (kb): 0
[10560:6428:0507/155836.311:WARNING:page_discarding_helper.cc(138)] Discarding multiple pages with target (kb): 0
[10560:6428:0507/155951.597:WARNING:page_discarding_helper.cc(138)] Discarding multiple pages with target (kb): 0
[10560:6428:0507/160046.850:WARNING:page_discarding_helper.cc(138)] Discarding multiple pages with target (kb): 0
[10560:6428:0507/160051.851:WARNING:page_discarding_helper.cc(138)] Discarding multiple pages with target (kb): 0
[10560:6428:0507/160056.873:WARNING:page_discarding_helper.cc(138)] Discarding multiple pages with target (kb): 0
[10560:6428:0507/160101.870:WARNING:page_discarding_helper.cc(138)] Discarding multiple pages with target (kb): 0
[10560:6428:0507/160106.870:WARNING:page_discarding_helper.cc(138)] Discarding multiple pages with target (kb): 0
[10560:6428:0507/160111.871:WARNING:page_discarding_helper.cc(138)] Discarding multiple pages with target (kb): 0
[10560:6428:0507/160116.871:WARNING:page_discarding_helper.cc(138)] Discarding multiple pages with target (kb): 0
[10560:6428:0507/160121.870:WARNING:page_discarding_helper.cc(138)] Discarding multiple pages with target (kb): 0
[10560:6428:0507/160126.871:WARNING:page_discarding_helper.cc(138)] Discarding multiple pages with target (kb): 0
[10560:6428:0507/160131.871:WARNING:page_discarding_helper.cc(138)] Discarding multiple pages with target (kb): 0
[10560:6428:0507/160227.550:WARNING:page_discarding_helper.cc(138)] Discarding multiple pages with target (kb): 0
[10560:6428:0507/160625.300:ERROR:device_event_log_impl.cc(196)] [16:06:25.244] USB: usb_service_win.cc:105 SetupDiGetDeviceProperty({{A45C254E-DF1C-4EFD-8020-67D146A850E0}, 6}) failed: No se ha encontrado el elemento. (0x490)
[10560:6428:0507/161223.514:WARNING:page_discarding_helper.cc(138)] Discarding multiple pages with target (kb): 0
[10560:6428:0507/164939.210:WARNING:page_discarding_helper.cc(138)] Discarding multiple pages with target (kb): 0
[10560:6428:0507/164944.630:WARNING:page_discarding_helper.cc(138)] Discarding multiple pages with target (kb): 0
[10560:6428:0507/174809.640:WARNING:page_discarding_helper.cc(138)] Discarding multiple pages with target (kb): 0
[10560:6428:0507/174840.988:WARNING:pref_notifier_impl.cc(41)] Pref observer for media_router.cast_allow_all_ips found at shutdown.
