[1560:4300:0516/235017.604:WARNING:chrome_main_delegate.cc(745)] This is Chrome version 128.0.6613.138 (not a warning)
[1560:4300:0516/235018.306:WARNING:account_consistency_mode_manager.cc(77)] Desktop Identity Consistency cannot be enabled as no OAuth client ID and client secret have been configured.
[2876:17436:0516/235035.254:WARNING:frame_impl.cc(430)] virtual CefFrameImpl::SendProcessMessage sent to detached frame 5-78D59B819A84699B5C905FD1ECCF799E will be ignored
[1560:18252:0516/235036.283:ERROR:cast_crl.cc(443)] CRL - Verification failed.
[1560:18252:0516/235036.286:WARNING:browser_info.cc(345)] Returning a speculative frame for [9,5]
[1560:4300:0516/235036.385:WARNING:browser_info.cc(345)] Returning a speculative frame for [10,5]
[1560:4300:0516/235036.386:WARNING:browser_info.cc(345)] Returning a speculative frame for [10,5]
[1560:4300:0516/235036.386:WARNING:browser_info.cc(345)] Returning a speculative frame for [10,5]
[1560:4300:0516/235036.386:WARNING:browser_info.cc(345)] Returning a speculative frame for [10,5]
[1560:18252:0516/235036.466:WARNING:browser_info.cc(345)] Returning a speculative frame for [10,5]
[1560:18252:0516/235039.710:ERROR:cast_crl.cc(443)] CRL - Verification failed.
[4780:10432:0516/235040.067:WARNING:codec.cc(525)] Explicitly added H264 constrained baseline to list of supported formats.
[4780:10432:0516/235041.336:WARNING:codec.cc(525)] Explicitly added H264 constrained baseline to list of supported formats.
[4780:13156:0516/235041.378:WARNING:codec.cc(525)] Explicitly added H264 constrained baseline to list of supported formats.
[4780:13156:0516/235041.379:WARNING:codec.cc(525)] Explicitly added H264 constrained baseline to list of supported formats.
[4780:13156:0516/235041.379:WARNING:codec.cc(525)] Explicitly added H264 constrained baseline to list of supported formats.
[9232:11784:0516/235041.440:WARNING:host_resolver_dns_task.cc(863)] Address list empty after RFC3484 sort
[9232:11784:0516/235041.444:ERROR:socket_manager.cc(147)] Failed to resolve address for stun.cloudflare.com., errorcode: -105
[9232:11784:0516/235041.444:ERROR:socket_manager.cc(147)] Failed to resolve address for stun.cloudflare.com., errorcode: -105
[9232:11784:0516/235041.444:ERROR:socket_manager.cc(147)] Failed to resolve address for stun.cloudflare.com., errorcode: -105
[4780:13156:0516/235041.444:WARNING:stun_port.cc(442)] Port[4790000:0:1:0:host:Net[any:0:0:0:x:x:x:x:x/0:Wildcard:id=0]]: StunPort: stun host lookup received error -1
[4780:13156:0516/235041.444:WARNING:stun_port.cc(442)] Port[4790400:1:1:0:host:Net[any:0:0:0:x:x:x:x:x/0:Wildcard:id=0]]: StunPort: stun host lookup received error -1
[4780:13156:0516/235041.444:WARNING:stun_port.cc(442)] Port[4790c00:2:1:0:host:Net[any:0:0:0:x:x:x:x:x/0:Wildcard:id=0]]: StunPort: stun host lookup received error -1
[1560:4300:0516/235057.445:WARNING:page_discarding_helper.cc(138)] Discarding multiple pages with target (kb): 0
[1560:4300:0516/235102.376:WARNING:page_discarding_helper.cc(138)] Discarding multiple pages with target (kb): 0
[1560:4300:0516/235107.388:WARNING:page_discarding_helper.cc(138)] Discarding multiple pages with target (kb): 0
[1560:4300:0516/235112.389:WARNING:page_discarding_helper.cc(138)] Discarding multiple pages with target (kb): 0
[1560:4300:0516/235117.426:WARNING:page_discarding_helper.cc(138)] Discarding multiple pages with target (kb): 0
[1560:4300:0516/235122.498:WARNING:page_discarding_helper.cc(138)] Discarding multiple pages with target (kb): 0
[1560:4300:0516/235127.514:WARNING:page_discarding_helper.cc(138)] Discarding multiple pages with target (kb): 0
[1560:4300:0516/235147.145:WARNING:pref_notifier_impl.cc(41)] Pref observer for media_router.cast_allow_all_ips found at shutdown.
